temperatune: could not determine offset of octave base 'C'
